// Jest Snapshot v1, https://goo.gl/fbAQLP

exports[`<CreatePost /> should match the snapshot 1`] = `"<form><div class=\\"container\\"><div class=\\"card create-post\\"><div id=\\"inputsContainer1\\" class=\\"col-md-8 col-md-offset-2\\"><h1 class=\\"createPostHeader\\">Create a post</h1><div id=\\"create-post-card\\"><div class=\\"form-group\\"><textarea rows=\\"5\\" class=\\"form-control\\" name=\\"description\\" placeholder=\\"Write a post...\\"></textarea></div><div><label for=\\"formFileSm\\" class=\\"form-label\\">Add an image</label><input type=\\"file\\" class=\\"form-control postInputForm form-control-sm\\" id=\\"formFileSm\\"/></div><br/><div class=\\"form-group\\"><button class=\\"btn btn-outline-danger cancleCreateButton\\">Cancel</button><button type=\\"submit\\" class=\\"btn btn-outline-success createPostButton\\">Create</button></div></div></div></div></div></form>"`;
