// Jest Snapshot v1, https://goo.gl/fbAQLP

exports[`<PostPres /> should match the snapshot 1`] = `"<div class=\\"card post-custom-card \\"><div class=\\"card-body\\"><div class=\\"clearfix\\"><img class=\\"avatar pull-left custom-img\\" src=\\"\\"/><h5 class=\\"card-title\\"></h5></div><p class=\\"card-text\\"></p><div></div><hr/><button style=\\"border-color:blue\\" class=\\"btn btn-link\\">Like </button></div></div>"`;
